// Jest Snapshot v1, https://goo.gl/fbAQLP

exports[`composition preserves descriptions for executable directives 1`] = `
"schema
  @link(url: \\"https://specs.apollo.dev/link/v1.0\\")
  @link(url: \\"https://specs.apollo.dev/join/v0.2\\", for: EXECUTION)
{
  query: Query
}

\\"\\"\\"The foo directive description\\"\\"\\"
directive @foo(url: String) on FIELD

directive @join__field(graph: join__Graph!, requires: join__FieldSet, provides: join__FieldSet, type: String, external: Boolean, override: String, usedOverridden: Boolean) repeatable on FIELD_DEFINITION | INPUT_FIELD_DEFINITION

directive @join__graph(name: String!, url: String!) on ENUM_VALUE

directive @join__implements(graph: join__Graph!, interface: String!) repeatable on OBJECT | INTERFACE

directive @join__type(graph: join__Graph!, key: join__FieldSet, extension: Boolean! = false, resolvable: Boolean! = true) repeatable on OBJECT | INTERFACE | UNION | ENUM | INPUT_OBJECT | SCALAR

directive @link(url: String, as: String, for: link__Purpose, import: [link__Import]) repeatable on SCHEMA

enum E
  @join__type(graph: SUBGRAPH2)
{
  A
  B
}

scalar join__FieldSet

enum join__Graph {
  SUBGRAPH1 @join__graph(name: \\"Subgraph1\\", url: \\"\\")
  SUBGRAPH2 @join__graph(name: \\"Subgraph2\\", url: \\"\\")
}

scalar link__Import

enum link__Purpose {
  \\"\\"\\"
  \`SECURITY\` features provide metadata necessary to securely resolve fields.
  \\"\\"\\"
  SECURITY

  \\"\\"\\"
  \`EXECUTION\` features provide metadata necessary for operation execution.
  \\"\\"\\"
  EXECUTION
}

type Query
  @join__type(graph: SUBGRAPH1)
  @join__type(graph: SUBGRAPH2)
{
  t(x: String!): String @join__field(graph: SUBGRAPH1)
}"
`;
