---
source: router-bridge/src/plan.rs
expression: "serde_json::to_string_pretty(&plan::<serde_json::Value>(OperationalContext{schema:\n                                                                               SCHEMA.to_string(),\n                                                                           query:\n                                                                               QUERY.to_string(),\n                                                                           operation:\n                                                                               \"\".to_string(),},\n                                                        QueryPlanOptions::default()).unwrap()).unwrap()"

---
{
  "kind": "QueryPlan",
  "node": {
    "kind": "Fetch",
    "serviceName": "accounts",
    "variableUsages": [],
    "operation": "{me{name{first last}}}"
  }
}
