---
source: harmonizer/src/lib.rs
expression: "harmonize(vec![ServiceDefinition ::\n               new(\"users\", \"undefined\",\n                   \"\n            type User {\n              id: ID\n              name: String\n            }\n\n            type Query {\n              users: [User!]\n            }\n          \"),\n               ServiceDefinition ::\n               new(\"movies\", \"undefined\",\n                   \"\n            type Movie {\n              title: String\n              name: String\n            }\n\n            extend type User {\n              favorites: [Movie!]\n            }\n\n            type Query {\n              movies: [Movie!]\n            }\n          \")]).unwrap()"

---
schema
  @core(feature: "https://specs.apollo.dev/core/v0.1"),
  @core(feature: "https://specs.apollo.dev/join/v0.1")
{
  query: Query
}

directive @core(feature: String!) repeatable on SCHEMA

directive @join__field(graph: join__Graph, requires: join__FieldSet, provides: join__FieldSet) on FIELD_DEFINITION

directive @join__type(graph: join__Graph!, key: join__FieldSet) repeatable on OBJECT | INTERFACE

directive @join__owner(graph: join__Graph!) on OBJECT | INTERFACE

directive @join__graph(name: String!, url: String!) on ENUM_VALUE

scalar join__FieldSet

enum join__Graph {
  MOVIES @join__graph(name: "movies" url: "undefined")
  USERS @join__graph(name: "users" url: "undefined")
}

type Movie {
  name: String
  title: String
}

type Query {
  movies: [Movie!] @join__field(graph: MOVIES)
  users: [User!] @join__field(graph: USERS)
}

type User {
  favorites: [Movie!] @join__field(graph: MOVIES)
  id: ID
  name: String
}

